eefdbbc0 vcvt.s32.f64 s23, d0
e12fff31 blx r1
924aa001 subls sl, sl, #1
ebffdc62 bl , #-9118
e8bd87f0 ldm sp!, {r4, r5, r6, r7, r8, r9, sl, pc}
ecbd8b08 vldm sp!, {d8-d11}
08bd81f0 ldmeq sp!, {r4, r5, r6, r7, r8, pc}
e1920f9f ldrex r0, [r2]
015461fa ldrsheq r6, [r4,#-26]
0 andeq r0, r0, r0
