

0
87654321
4
8765432
8
876543
c
87654
10
8765
14
876
18
87
1c
8
20
87654321
24
8765432
28
876543
2c
87654
30
8765
34
876
38
87
3c
8
40
87654321


0
8765
4
876
8
87
c
8
10
8765
14
876
18
87
1c
8
20
8765


0
87
2
21
4
8
6
2
8
87
a
21
c
8
e
2
10
87


0
87654321
4
76543210
8
65432100
c
54321000
10
43210000
14
32100000
18
21000000
1c
10000000
20
87654321
24
76543210
28
65432100
2c
54321000
30
43210000
34
32100000
38
21000000
3c
10000000
40
87654321


0
8765
4
7650
8
6500
c
5000
10
8765
14
7650
18
6500
1c
5000
20
8765


0
87
2
1c
4
70
6
c0
8
87
a
1c
c
70
e
c0
10
87


0
87654321
4
f8765432
8
ff876543
c
fff87654
10
ffff8765
14
fffff876
18
ffffff87
1c
fffffff8
20
87654321
24
f8765432
28
ff876543
2c
fff87654
30
ffff8765
34
fffff876
38
ffffff87
3c
fffffff8
40
87654321


0
ffff8765
4
fffff876
8
ffffff87
c
fffffff8
10
ffff8765
14
fffff876
18
ffffff87
1c
fffffff8
20
ffff8765


0
ffffff87
2
ffffffe1
4
fffffff8
6
fffffffe
8
ffffff87
a
ffffffe1
c
fffffff8
e
fffffffe
10
ffffff87


0
12345678
4
1234567
8
123456
c
12345
10
1234
14
123
18
12
1c
1
20
12345678
24
1234567
28
123456
2c
12345
30
1234
34
123
38
12
3c
1
40
12345678


0
1234
4
123
8
12
c
1
10
1234
14
123
18
12
1c
1
20
1234


0
12
2
4
4
1
6
0
8
12
a
4
c
1
e
0
10
12
